// Jest Snapshot v1, https://goo.gl/fbAQLP

exports[`StoriesList renders correctly 1`] = `ShallowWrapper {}`;
