// Jest Snapshot v1, https://goo.gl/fbAQLP

exports[`Story renders correctly 1`] = `ShallowWrapper {}`;
